##-I   ********** DEFINITION PHASE **********
##-I    (Parse ALIAS/MACROS definitions only -- Without echo of input lines)
Object names will be case sensitive. 
LOOKUP.NAMES.CASE.SENSITIVE is set to TRUE.
##-I  
##-I   Number of WARNING messages: 0
##-I   Number of PROBLEM messages: 0
##-I   Number of ERROR messages: 0
##-I  
##-I   Number of NUMERIC macros defined: 0
##-I   Number of BOOLEAN macros defined: 0
##-I   Number of STRING macros defined: 0
##-I   Number of ALIAS defined: 0
##-I   Number of message files defined: 0
##-I  
##-I   ********** READER PHASE **********
##-I    (Parse the rest of DEF/LEF file -- With echo of all input lines)
##-I  
VERSION 5.4 ;
NAMESCASESENSITIVE ON ;
BUSBITCHARS "[]" ;
DIVIDERCHAR "/" ;
UNITS
  DATABASE MICRONS 1000 ;
END UNITS

USEMINSPACING OBS ON ;
USEMINSPACING PIN OFF ;
CLEARANCEMEASURE EUCLIDEAN ;


MANUFACTURINGGRID 0.005 ;

LAYER Poly
  TYPE	MASTERSLICE ;
END Poly

LAYER Nimp
  TYPE	MASTERSLICE ;
END Nimp

LAYER Pimp
  TYPE	MASTERSLICE ;
END Pimp

LAYER Nwell
  TYPE	MASTERSLICE ;
END Nwell

LAYER Pwell
  TYPE	MASTERSLICE ;
END Pwell

LAYER Oxide
  TYPE	MASTERSLICE ;
END Oxide

LAYER Cont
  TYPE	CUT ;
END Cont

LAYER Metal1
  TYPE		ROUTING ;
  DIRECTION	HORIZONTAL ;
  PITCH		0.66  ;
  WIDTH		0.3 ;
  SPACING	0.3 ;
  SPACING	0.6 RANGE 10 100000  ;
  RESISTANCE	RPERSQ 0.101 ;
  CAPACITANCE	CPERSQDIST 0.00013153 ;
  EDGECAPACITANCE 8.770300e-05 ;
END Metal1

LAYER Via1
  TYPE	CUT ;
END Via1

LAYER Metal2
  TYPE		ROUTING ;
  DIRECTION	VERTICAL ;
  PITCH		0.66  ;
  WIDTH		0.3 ;
  SPACING	0.3 ;
  SPACING	0.6 RANGE 10 100000  ;
  RESISTANCE	RPERSQ 0.101 ;
  CAPACITANCE	CPERSQDIST 7.0018e-05 ;
  EDGECAPACITANCE 8.311500e-05 ;
END Metal2

LAYER Via2
  TYPE	CUT ;
END Via2

LAYER Metal3
  TYPE		ROUTING ;
  DIRECTION	HORIZONTAL ;
  PITCH		0.66  ;
  WIDTH		0.3 ;
  SPACING	0.3 ;
  SPACING	0.6 RANGE 10 100000  ;
  RESISTANCE	RPERSQ 0.101 ;
  CAPACITANCE	CPERSQDIST 6.3069e-05 ;
  EDGECAPACITANCE 1.002800e-04 ;
END Metal3

LAYER Via3
  TYPE	CUT ;
END Via3

LAYER Metal4
  TYPE		ROUTING ;
  DIRECTION	VERTICAL ;
  PITCH		0.66  ;
  WIDTH		0.3 ;
  SPACING	0.3 ;
  SPACING	0.6 RANGE 10 100000  ;
  RESISTANCE	RPERSQ 0.101 ;
  CAPACITANCE	CPERSQDIST 5.3607e-05 ;
  EDGECAPACITANCE 8.298600e-05 ;
END Metal4

LAYER Via4
  TYPE	CUT ;
END Via4

LAYER Metal5
  TYPE		ROUTING ;
  DIRECTION	HORIZONTAL ;
  PITCH		0.66  ;
  WIDTH		0.3 ;
  SPACING	0.3 ;
  SPACING	0.6 RANGE 10 100000  ;
  RESISTANCE	RPERSQ 0.045 ;
  CAPACITANCE	CPERSQDIST 3.144e-05 ;
  EDGECAPACITANCE 1.022400e-04 ;
END Metal5

LAYER Via5
  TYPE	CUT ;
END Via5

LAYER Metal6
  TYPE		ROUTING ;
  DIRECTION	VERTICAL ;
  PITCH		0.66  ;
  WIDTH		0.3 ;
  SPACING	0.3 ;
  SPACING	0.6 RANGE 10 100000  ;
  RESISTANCE	RPERSQ 0.045 ;
  CAPACITANCE	CPERSQDIST 3.144e-05 ;
  EDGECAPACITANCE 1.022400e-04 ;
END Metal6

LAYER OVERLAP
  TYPE	OVERLAP ;
END OVERLAP

SPACING
  SAMENET Metal1  Metal1	0.300 ;
  SAMENET Metal2  Metal2	0.300  STACK ;
  SAMENET Metal3  Metal3	0.300  STACK ;
  SAMENET Metal4  Metal4	0.300  STACK ;
  SAMENET Metal5  Metal5	0.300  STACK ;
  SAMENET Metal6  Metal6	0.300 ;
  SAMENET Via1  Via1	0.300 ;
  SAMENET Via2  Via2	0.300 ;
  SAMENET Via3  Via3	0.300 ;
  SAMENET Via4  Via4	0.300 ;
  SAMENET Via1  Via2	0.000  STACK ;
  SAMENET Via2  Via3	0.000  STACK ;
  SAMENET Via3  Via4	0.000  STACK ;
  SAMENET Via4  Via5	0.000  STACK ;
END SPACING

VIA Via56_stack_west DEFAULT
  TOPOFSTACKONLY
  LAYER Metal5 ;
    RECT -0.300 -0.200 0.200 0.200 ;
  LAYER Via5 ;
    RECT -0.100 -0.100 0.100 0.100 ;
  LAYER Metal6 ;
    RECT -0.200 -0.200 0.200 0.200 ;
  RESISTANCE 2.540000e+00 ;
END Via56_stack_west

VIA Via56_stack_east DEFAULT
  TOPOFSTACKONLY
  LAYER Metal5 ;
    RECT -0.200 -0.200 0.300 0.200 ;
  LAYER Via5 ;
    RECT -0.100 -0.100 0.100 0.100 ;
  LAYER Metal6 ;
    RECT -0.200 -0.200 0.200 0.200 ;
  RESISTANCE 2.540000e+00 ;
END Via56_stack_east

VIA Via45_stack_south DEFAULT
  TOPOFSTACKONLY
  LAYER Metal4 ;
    RECT -0.200 -0.300 0.200 0.200 ;
  LAYER Via4 ;
    RECT -0.100 -0.100 0.100 0.100 ;
  LAYER Metal5 ;
    RECT -0.200 -0.200 0.200 0.200 ;
  RESISTANCE 2.540000e+00 ;
END Via45_stack_south

VIA Via45_stack_north DEFAULT
  TOPOFSTACKONLY
  LAYER Metal4 ;
    RECT -0.200 -0.200 0.200 0.300 ;
  LAYER Via4 ;
    RECT -0.100 -0.100 0.100 0.100 ;
  LAYER Metal5 ;
    RECT -0.200 -0.200 0.200 0.200 ;
  RESISTANCE 2.540000e+00 ;
END Via45_stack_north

VIA Via34_stack_west DEFAULT
  TOPOFSTACKONLY
  LAYER Metal3 ;
    RECT -0.300 -0.200 0.200 0.200 ;
  LAYER Via3 ;
    RECT -0.100 -0.100 0.100 0.100 ;
  LAYER Metal4 ;
    RECT -0.200 -0.200 0.200 0.200 ;
  RESISTANCE 6.400000e+00 ;
END Via34_stack_west

VIA Via34_stack_east DEFAULT
  TOPOFSTACKONLY
  LAYER Metal3 ;
    RECT -0.200 -0.200 0.300 0.200 ;
  LAYER Via3 ;
    RECT -0.100 -0.100 0.100 0.100 ;
  LAYER Metal4 ;
    RECT -0.200 -0.200 0.200 0.200 ;
  RESISTANCE 6.400000e+00 ;
END Via34_stack_east

VIA Via23_stack_south DEFAULT
  TOPOFSTACKONLY
  LAYER Metal2 ;
    RECT -0.200 -0.300 0.200 0.200 ;
  LAYER Via2 ;
    RECT -0.100 -0.100 0.100 0.100 ;
  LAYER Metal3 ;
    RECT -0.200 -0.200 0.200 0.200 ;
  RESISTANCE 6.400000e+00 ;
END Via23_stack_south

VIA Via23_stack_north DEFAULT
  TOPOFSTACKONLY
  LAYER Metal2 ;
    RECT -0.200 -0.200 0.200 0.300 ;
  LAYER Via2 ;
    RECT -0.100 -0.100 0.100 0.100 ;
  LAYER Metal3 ;
    RECT -0.200 -0.200 0.200 0.200 ;
  RESISTANCE 6.400000e+00 ;
END Via23_stack_north

VIA M6_M5 DEFAULT
  LAYER Metal5 ;
    RECT -0.200 -0.200 0.200 0.200 ;
  LAYER Via5 ;
    RECT -0.100 -0.100 0.100 0.100 ;
  LAYER Metal6 ;
    RECT -0.200 -0.200 0.200 0.200 ;
  RESISTANCE 6.400000e+00 ;
END M6_M5

VIA M5_M4 DEFAULT
  LAYER Metal4 ;
    RECT -0.200 -0.200 0.200 0.200 ;
  LAYER Via4 ;
    RECT -0.100 -0.100 0.100 0.100 ;
  LAYER Metal5 ;
    RECT -0.200 -0.200 0.200 0.200 ;
  RESISTANCE 6.400000e+00 ;
END M5_M4

VIA M4_M3 DEFAULT
  LAYER Metal3 ;
    RECT -0.200 -0.200 0.200 0.200 ;
  LAYER Via3 ;
    RECT -0.100 -0.100 0.100 0.100 ;
  LAYER Metal4 ;
    RECT -0.200 -0.200 0.200 0.200 ;
  RESISTANCE 6.400000e+00 ;
END M4_M3

VIA M3_M2 DEFAULT
  LAYER Metal2 ;
    RECT -0.200 -0.200 0.200 0.200 ;
  LAYER Via2 ;
    RECT -0.100 -0.100 0.100 0.100 ;
  LAYER Metal3 ;
    RECT -0.200 -0.200 0.200 0.200 ;
  RESISTANCE 6.400000e+00 ;
END M3_M2

VIA M2_M1 DEFAULT
  LAYER Metal1 ;
    RECT -0.200 -0.200 0.200 0.200 ;
  LAYER Via1 ;
    RECT -0.100 -0.100 0.100 0.100 ;
  LAYER Metal2 ;
    RECT -0.200 -0.200 0.200 0.200 ;
  RESISTANCE 6.400000e+00 ;
END M2_M1

VIA Cont DEFAULT
  TOPOFSTACKONLY
  LAYER Poly ;
    RECT -0.300 -0.200 0.200 0.200 ;
  LAYER Cont ;
    RECT -0.100 -0.100 0.100 0.100 ;
  LAYER Metal1 ;
    RECT -0.200 -0.200 0.200 0.200 ;
  RESISTANCE 2.540000e+00 ;
END Cont


VIARULE Via12Array GENERATE
  LAYER Metal1 ;
    DIRECTION HORIZONTAL ;
    OVERHANG 0.1 ;
    METALOVERHANG 0 ;
  LAYER Metal2 ;
    DIRECTION VERTICAL ;
    OVERHANG 0.1 ;
    METALOVERHANG 0 ;
  LAYER Via1 ;
    RECT -0.1 -0.1 0.1 0.1 ;
    SPACING 0.5 BY 0.5 ;
END Via12Array

VIARULE Via23Array GENERATE
  LAYER Metal3 ;
    DIRECTION HORIZONTAL ;
    OVERHANG 0.1 ;
    METALOVERHANG 0 ;
  LAYER Metal2 ;
    DIRECTION VERTICAL ;
    OVERHANG 0.1 ;
    METALOVERHANG 0 ;
  LAYER Via2 ;
    RECT -0.1 -0.1 0.1 0.1 ;
    SPACING 0.5 BY 0.5 ;
END Via23Array

VIARULE Via34Array GENERATE
  LAYER Metal3 ;
    DIRECTION HORIZONTAL ;
    OVERHANG 0.1 ;
    METALOVERHANG 0 ;
  LAYER Metal4 ;
    DIRECTION VERTICAL ;
    OVERHANG 0.1 ;
    METALOVERHANG 0 ;
  LAYER Via3 ;
    RECT -0.1 -0.1 0.1 0.1 ;
    SPACING 0.5 BY 0.5 ;
END Via34Array

VIARULE Via45Array GENERATE
  LAYER Metal5 ;
    DIRECTION HORIZONTAL ;
    OVERHANG 0.1 ;
    METALOVERHANG 0 ;
  LAYER Metal4 ;
    DIRECTION VERTICAL ;
    OVERHANG 0.1 ;
    METALOVERHANG 0 ;
  LAYER Via4 ;
    RECT -0.1 -0.1 0.1 0.1 ;
    SPACING 0.5 BY 0.5 ;
END Via45Array

VIARULE TURNMetal1 GENERATE
  LAYER Metal1 ;
    DIRECTION HORIZONTAL ;
  LAYER Metal1 ;
    DIRECTION VERTICAL ;
END TURNMetal1

VIARULE TURNMetal2 GENERATE
  LAYER Metal2 ;
    DIRECTION HORIZONTAL ;
  LAYER Metal2 ;
    DIRECTION VERTICAL ;
END TURNMetal2

VIARULE TURNMetal3 GENERATE
  LAYER Metal3 ;
    DIRECTION HORIZONTAL ;
  LAYER Metal3 ;
    DIRECTION VERTICAL ;
END TURNMetal3

VIARULE TURNMetal4 GENERATE
  LAYER Metal4 ;
    DIRECTION HORIZONTAL ;
  LAYER Metal4 ;
    DIRECTION VERTICAL ;
END TURNMetal4

VIARULE TURNMetal5 GENERATE
  LAYER Metal5 ;
    DIRECTION HORIZONTAL ;
  LAYER Metal5 ;
    DIRECTION VERTICAL ;
END TURNMetal5

VIARULE TURNMetal6 GENERATE
  LAYER Metal6 ;
    DIRECTION HORIZONTAL ;
  LAYER Metal6 ;
    DIRECTION VERTICAL ;
END TURNMetal6

SITE  CoreSite
    CLASS	CORE ;
    SYMMETRY	Y ;
    SIZE	0.660 BY 0.330 ;
END  CoreSite

SITE  CORE
    CLASS	CORE ;
    SYMMETRY	Y ;
    SIZE	0.660 BY 7.920 ;
END  CORE

END LIBRARY
##-I   Number of Layers read: 19
##-I   Number of Vias read: 14
##-I   Number of ViaRules read: 10
##-I   Number of nmNonDefaultRule read: 0
##-I   Number of Same Net Spacing read: 14
##-I   Number of IR Drop Tables read: 0
##-I   Number of Sites read: 2
##-I   Number of Noise Table EdgeRate read: 0
##-I   Number of Correction Table EdgeRate read: 0
##-I   Number of Macros read: 0
##-I   Number of Pins read: 0
##-I   Number of Arrays read: 0
##-I   Number of WARNING messages: 0
##-I   Number of PROBLEM messages: 0
##-I   Number of ERROR messages: 0
##-I   No errors found. The database created successfully.
