# Cadence name  purpose    Stream layer-num  type-num
  Metal1          drawing       7               0
  Metal1          pin           7               1
  Metal1          net           7               2
  Via1            drawing       8               0
  Metal2          drawing       9               0
  Metal2          pin           9               1
  Metal2          net           9               2
  Via2            drawing      10               0
  Metal3          drawing      11               0
  Metal3          pin          11               1
  Metal3          net          11               2
  Via3            drawing      30               0
  Metal4          drawing      31               0
  Metal4          pin          31               1
  Metal4          net          31               2
  Via4            drawing      32               0
  Metal5          drawing      33               0
  Metal5          pin          33               1
  Metal5          net          33               2
  Via5            drawing      34               0
  Metal6          drawing      35               0
  Metal6          pin          35               1
  Metal6          net          35               2
  Cont            drawing       6               0
  Poly            drawing       3               0
  Poly            pin           3               1
  Poly            net           3               2
  Nwell           drawing       2               0
  Pwell           drawing      18               0
  Oxide           drawing       1               0
  Nburied         drawing      19               0
  Nimp            drawing       4               0
  Pimp            drawing       5               0
  Bondpad         drawing      36               0
  Capdum          drawing      12               0
  INDdummy        drawing      16               0
  IND2dummy       drawing      17               0
  Resdum          drawing      13               0
  BJTdum          drawing      15               0
  NPNdummy        drawing      20               0
  PNPdummy        drawing      21               0
  DIOdummy        drawing      22               0
  CapMetal        drawing      14               0
  allGeoShare     drawing     100               1
  allGeoShare     GeoShare    100               0
  OVERLAP         drawing     101               0
  text		  drawing     230	        0
  text            label       230               0
  prBoundary      drawing     235               0
  prBoundary      boundary    235               0